---
title: 分组/子/连接 查询
tags: mysql
book: mysql
---

## 复杂统计的痛点

目前成绩表`student_score`里面的`subject`学科内容有母猪的产后护理和论萨达姆的战争准备.需要查询到这两门学科的平均分,就要查询2次:

```shell
SELECT AVG(score) FROM student_score WHERE subject = '母猪的产后护理';
```

```shell
SELECT AVG(score) FROM student_score WHERE subject = '论萨达姆的战争准备';
```

## 分组

`GROUP BY`子句会根据列里面有多少不同的数据,分成多少组:

```shell
mysql> SELECT subject, AVG(score) FROM student_score GROUP BY subject;
+-----------------------------+------------+
| subject                     | AVG(score) |
+-----------------------------+------------+
| 母猪的产后护理              |    73.0000 |
| 论萨达姆的战争准备          |    73.2500 |
+-----------------------------+------------+
2 rows in set (0.01 sec)
```

分组的目的是为了做统计,如果查询了不需要统计的数据会报错:

```shell
mysql> SELECT number, subject, AVG(score) FROM student_score GROUP BY subject;
ERROR 1055 (42000): Expression #1 of SELECT list is not in GROUP BY clause and contains nonaggregated column 'xiaohaizi.student_score.number' which is not functionally dependent on columns in GROUP BY clause; this is incompatible with sql_mode=only_full_group_by
```

> `ONLY_FULL_GROUP_BY`的SQL模式可以绕开这个错误,不在讨论范围内.

## 带有WHERE子句的分组查询

```shell
mysql> SELECT subject, AVG(score) FROM student_score WHERE score >= 60 GROUP BY subject;
+-----------------------------+------------+
| subject                     | AVG(score) |
+-----------------------------+------------+
| 母猪的产后护理              |    89.0000 |
| 论萨达姆的战争准备          |    82.3333 |
+-----------------------------+------------+
```

1. 先查询不足60成绩的数据剔除掉.
2. 最后取平均值.

## 用于分组的过滤 HAVING

假如分组有很多很多,想把平均分不足73的学科过滤掉.可以使用`HAVING`子句.

```shell
mysql> SELECT subject, AVG(score) FROM student_score GROUP BY subject HAVING AVG(score) > 73;
+-----------------------------+------------+
| subject                     | AVG(score) |
+-----------------------------+------------+
| 论萨达姆的战争准备          |    73.2500 |
+-----------------------------+------------+
1 row in set (0.00 sec)
```

## 分组排序

```shell
mysql> SELECT subject, AVG(score) AS avg_score FROM student_score GROUP BY subject ORDER BY avg_score DESC;
+-----------------------------+-----------+
| subject                     | avg_score |
+-----------------------------+-----------+
| 论萨达姆的战争准备          |   73.2500 |
| 母猪的产后护理              |   73.0000 |
+-----------------------------+-----------+
2 rows in set (0.01 sec)
```

## 嵌套分组

```shell
mysql> SELECT department, major, COUNT(*) FROM student_info GROUP BY department, major;
+-----------------+--------------------------+----------+
| department      | major                    | COUNT(*) |
+-----------------+--------------------------+----------+
| 航天学院        | 电子信息                 |        1 |
| 航天学院        | 飞行器设计               |        1 |
| 计算机学院      | 计算机科学与工程         |        2 |
| 计算机学院      | 软件工程                 |        2 |
+-----------------+--------------------------+----------+
4 rows in set (0.00 sec)
```

`GROUP BY department, major`子句,会先在分大组,再分小组,而聚集函数将作用在最后一个分组列上.

## 使用分组注意事项

1. 如果分组列中含有`NULL`值，那么`NULL`也会作为一个独立的分组存在。
2. 如果存在多个分组列，也就是嵌套分组，聚集函数将作用在最后的那个分组列上。
3. 如果查询语句中存在WHERE子句和ORDER BY子句，那么GROUP BY子句必须出现在WHERE子句之后，ORDER BY子句之前。
4. 非分组列不能单独出现在检索列表中(可以被放到聚集函数中)。
5. GROUP BY子句后也可以跟随表达式(但不能是聚集函数)

```shell
mysql> SELECT concat('专业：', major), COUNT(*) FROM student_info GROUP BY concat('专业：', major);
+-----------------------------------+----------+
| concat('专业：', major)           | COUNT(*) |
+-----------------------------------+----------+
| 专业：电子信息                    |        1 |
| 专业：计算机科学与工程            |        2 |
| 专业：软件工程                    |        2 |
| 专业：飞行器设计                  |        1 |
+-----------------------------------+----------+
4 rows in set (0.00 sec)
```

6. `WHERE` 子句和 `HAVING` 子句的区别在于,`WHERE` 子句过滤掉的记录将不包括在分组中。而 `HAVING` 子句在数据分组后进行过滤，作用于整个分组。

## 子句的顺序

除了`SELECT`之外，其他的子句全都是可以省略,并且顺序

```shell
SELECT [DISTINCT] 查询列表
[FROM 表名]
[WHERE 布尔表达式]
[GROUP BY 分组列表 ]
[HAVING 分组过滤条件]
[ORDER BY 排序列表]
[LIMIT 开始行, 限制条数]
```

## 多表查询的需求

假如我想查询`杜琦燕`的各学科成绩,就需要先从`student_info`中找number,通过number在`student_score`中查询成绩:

```shell
mysql> SELECT number FROM student_info WHERE name = '杜琦燕';
+----------+
| number   |
+----------+
| 20180102 |
+----------+
1 row in set (0.00 sec)

mysql> SELECT * FROM student_score WHERE number = 20180102;
+----------+-----------------------------+-------+
| number   | subject                     | score |
+----------+-----------------------------+-------+
| 20180102 | 母猪的产后护理              |   100 |
| 20180102 | 论萨达姆的战争准备          |    98 |
+----------+-----------------------------+-------+
2 rows in set (0.00 sec)
```

## 标量子查询

可以用`()`把上述的两个查询结合起来,需要先查询的语句写在`()`内,当然,可以无限嵌套.

```shell
mysql> SELECT * FROM student_score WHERE number = (SELECT number FROM student_info WHERE name = '杜琦燕');
+----------+-----------------------------+-------+
| number   | subject                     | score |
+----------+-----------------------------+-------+
| 20180102 | 母猪的产后护理              |   100 |
| 20180102 | 论萨达姆的战争准备          |    98 |
+----------+-----------------------------+-------+
2 rows in set (0.01 sec)
```

为什么叫**标量子查询**呢,因为子查询作为表达式,只是单纯的返回了number代表一个值.

## 列子查询

如果子查询的值不是一个值,而是多个值(列),那就可以用 `in` 去查找.

```shell
mysql> SELECT * FROM student_score WHERE number IN (SELECT number FROM student_info WHERE major = '计算机科学与工程');
+----------+-----------------------------+-------+
| number   | subject                     | score |
+----------+-----------------------------+-------+
| 20180101 | 母猪的产后护理              |    78 |
| 20180101 | 论萨达姆的战争准备          |    88 |
| 20180102 | 母猪的产后护理              |   100 |
| 20180102 | 论萨达姆的战争准备          |    98 |
+----------+-----------------------------+-------+
4 rows in set (0.00 sec)
```

## EXISTS 和 NOT EXISTS 子查询

有时候外层查询只关系子查询是否有值,就可以用这两个操作符:

|操作符|示例|描述|
|--|---|---|
|EXISTS|EXISTS (SELECT ...)|当子查询结果集不是空集时表达式为真|
|NOT EXISTS|NOT EXISTS (SELECT ...)|当子查询结果集是空集时表达式为真|

```shell
mysql> SELECT * FROM student_score WHERE EXISTS (SELECT * FROM student_info WHERE number = 111111);
Empty set (0.00 sec)
```

因为子查询是false,所以无数据.

## 相关子查询

前面的查询中,子查询和外查询是不关联的,也就是外层只是拿子查询返回的值去查询.

假如要查`student_info`的学生信息,要求是此学生在`student_score`中有成绩记录:

```shell
SELECT * FROM student_info WHERE EXISTS (SELECT * FROM student_score WHERE student_score.number = student_info.number);
```

1. 外层查询先拿到第一条数据.
2. 子查询用`student_info.number`作为条件去找自己表内是否有同`number`的数据.(因为两个表的number为同名,所以用了**列的全限定名**).
3. 子查询如果有值,EXISTS会判断外层的第一条数据是ok的.
4. 以此类推.

## 对同个表的子查询

假如需求是得知,`student_score`表的'母猪的产后护理'这门课的成绩中，有哪些超过了平均分的记录.

很明显,需要对整个表进行一遍查询后再次查询一遍:

```shell
SELECT * FROM student_score WHERE subject = '母猪的产后护理' AND score > (SELECT AVG(score) FROM student_score WHERE subject = '母猪的产后护理');
```

## 整俩表用于理解连接

```shell
CREATE TABLE t1 (m1 int, n1 char(1));

CREATE TABLE t2 (m2 int, n2 char(1));

INSERT INTO t1 VALUES(1, 'a'), (2, 'b'), (3, 'c');

INSERT INTO t2 VALUES(2, 'b'), (3, 'c'), (4, 'd');
```

表的内容如下:

```shell
mysql> SELECT * FROM t1;
+------+------+
| m1   | n1   |
+------+------+
|    1 | a    |
|    2 | b    |
|    3 | c    |
+------+------+
3 rows in set (0.00 sec)

mysql> SELECT * FROM t2;
+------+------+
| m2   | n2   |
+------+------+
|    2 | b    |
|    3 | c    |
|    4 | d    |
+------+------+
3 rows in set (0.00 sec)
```

**连接**的本质就是讲多个表依次匹配组件返回:

```shell
mysql> SELECT * FROM t1, t2;
+------+------+------+------+
| m1   | n1   | m2   | n2   |
+------+------+------+------+
|    1 | a    |    2 | b    |
|    2 | b    |    2 | b    |
|    3 | c    |    2 | b    |
|    1 | a    |    3 | c    |
|    2 | b    |    3 | c    |
|    3 | c    |    3 | c    |
|    1 | a    |    4 | d    |
|    2 | b    |    4 | d    |
|    3 | c    |    4 | d    |
+------+------+------+------+
9 rows in set (0.00 sec)
```

一共有**3*3=9**行数据,也就是所谓的[笛卡尔积]()

## 连接过程分析

需求是,在这两个表里面,找到`t1.m1 > 1`并且`t1.m1 = t2.m2`并且`t2.n2 < 'd'`:

```shell
mysql> SELECT * FROM t1, t2 WHERE t1.m1 > 1 AND t1.m1 = t2.m2 AND t2.n2 < 'd';
+------+------+------+------+
| m1   | n1   | m2   | n2   |
+------+------+------+------+
|    2 | b    |    2 | b    |
|    3 | c    |    3 | c    |
+------+------+------+------+
2 rows in set (0.00 sec)
```

分析查找过程:

1. 第一个被查询的表是`t1`,也就是驱动表,找到了2条符合`t1.m1 > 1`的数据.

```shell
+------+------+
| m1   | n1   |
+------+------+
|    2 | b    |
|    3 | c    |
+------+------+
2 rows in set (0.01 sec)
```

2. 2条数据被遍历去查找`t2`表.`t2`也就是被驱动表.

> 后的内连接和外连接/多表连接/自连接等等 有点让人迷惑,暂时不写了.